// Vitest Snapshot v1, https://vitest.dev/guide/snapshot.html

exports[`catalog breadth classify — the-pointe (golden) > routes every band and captures the vast majority of source media 1`] = `
{
  "captured": 42,
  "lines": [
    "0 BluxGrid media=1",
    "1 BluxMediaText media=1",
    "2 BluxSection media=0",
    "3 BluxBlock media=6",
    "4 BluxGrid media=0",
    "5 BluxGrid media=1",
    "6 BluxGrid media=3",
    "7 BluxSection media=0",
    "8 BluxCarousel media=3",
    "9 BluxGrid media=1",
    "10 BluxGrid media=2",
    "11 BluxGrid media=1",
    "12 BluxGrid media=3",
    "13 BluxSection media=0",
    "14 BluxGrid media=20",
    "15 BluxSection media=0",
  ],
  "sourceMedia": 46,
}
`;
