// Vitest Snapshot v1, https://vitest.dev/guide/snapshot.html

exports[`grid convert golden — the-pointe > builds a stable page-doc slice sequence 1`] = `
[
  {
    "items": [],
    "primary": {
      "band": 0,
    },
    "slice_type": "grid_band",
    "variation": "default",
  },
  {
    "items": [],
    "primary": {
      "band": 1,
    },
    "slice_type": "split_feature",
    "variation": "default",
  },
  {
    "items": [],
    "primary": {
      "band": 2,
      "heading": "the space",
      "subtitle": "distinguished
design",
    },
    "slice_type": "title_band",
    "variation": "default",
  },
  {
    "items": [],
    "primary": {
      "band": 3,
    },
    "slice_type": "grid_band",
    "variation": "default",
  },
  {
    "items": [],
    "primary": {
      "band": 4,
    },
    "slice_type": "grid_band",
    "variation": "default",
  },
  {
    "items": [],
    "primary": {
      "band": 5,
    },
    "slice_type": "grid_band",
    "variation": "default",
  },
  {
    "items": [],
    "primary": {
      "band": 6,
    },
    "slice_type": "grid_band",
    "variation": "default",
  },
  {
    "items": [],
    "primary": {
      "band": 7,
      "heading": "the outdoors",
      "subtitle": "an impeccably
lush haven",
    },
    "slice_type": "hero",
    "variation": "band",
  },
  {
    "items": [
      {
        "caption": "a place to sit and breathe",
      },
      {
        "caption": "a calm escape right outside your door",
      },
      {
        "caption": "a building with a view",
      },
    ],
    "primary": {
      "band": 8,
    },
    "slice_type": "carousel",
    "variation": "default",
  },
  {
    "items": [],
    "primary": {
      "band": 9,
    },
    "slice_type": "grid_band",
    "variation": "default",
  },
  {
    "items": [],
    "primary": {
      "band": 10,
    },
    "slice_type": "grid_band",
    "variation": "default",
  },
  {
    "items": [],
    "primary": {
      "band": 11,
    },
    "slice_type": "grid_band",
    "variation": "default",
  },
  {
    "items": [],
    "primary": {
      "band": 12,
    },
    "slice_type": "grid_band",
    "variation": "default",
  },
  {
    "items": [],
    "primary": {
      "band": 13,
      "heading": "the location",
      "subtitle": "everything
within reach",
    },
    "slice_type": "title_band",
    "variation": "default",
  },
  {
    "items": [],
    "primary": {
      "band": 14,
    },
    "slice_type": "grid_band",
    "variation": "default",
  },
  {
    "items": [],
    "primary": {
      "band": 15,
      "heading": "Come Be A Part Of It.",
    },
    "slice_type": "title_band",
    "variation": "default",
  },
]
`;

exports[`grid convert golden — the-pointe > builds a stable presentation manifest (structure + media placeholders) 1`] = `
{
  "bands": {
    "0": {
      "background": {
        "alt": "a37733d6-09cc-4c0c-be9f-e220770f2397",
        "kind": "image",
        "position": "right center",
        "url": "asset://a37733d6-09cc-4c0c-be9f-e220770f2397",
      },
      "tree": {
        "children": [
          {
            "kind": "media",
            "media": {
              "alt": "b035b800-7ed3-479e-bb02-54a3eccfb27a",
              "aspect": 11.919,
              "fit": "contain",
              "kind": "image",
              "url": "asset://b035b800-7ed3-479e-bb02-54a3eccfb27a",
              "width": 600,
            },
          },
          {
            "kind": "subtitle",
            "role": "text13",
            "text": "BURBANK",
          },
        ],
        "kind": "stack",
      },
    },
    "1": {
      "background": {
        "alt": "a732d1e4-59be-42ba-b87f-5acea9b3c4b9",
        "fit": "auto",
        "kind": "image",
        "position": "right bottom",
        "url": "asset://a732d1e4-59be-42ba-b87f-5acea9b3c4b9",
      },
      "split": {
        "media": {
          "alt": "0c78a3e9-984b-4697-a025-2fb1055da37e",
          "aspect": 166.496,
          "fit": "contain",
          "kind": "image",
          "url": "asset://0c78a3e9-984b-4697-a025-2fb1055da37e",
          "width": 779,
        },
        "mediaSide": "right",
        "ratio": 40,
        "text": {
          "children": [
            {
              "html": "The Pointe",
              "kind": "heading",
              "level": 1,
              "role": "text5",
            },
            {
              "kind": "media",
              "media": {
                "alt": "ec0c6ec6-45b9-4ac8-84e5-0438c84629b9",
                "aspect": 18.978,
                "fit": "contain",
                "kind": "image",
                "url": "asset://ec0c6ec6-45b9-4ac8-84e5-0438c84629b9",
                "width": 50,
              },
            },
            {
              "html": "a monument <br>of excellence",
              "kind": "heading",
              "level": 4,
              "role": "text11",
            },
            {
              "html": "Nestled among the biggest names in entertainment, The Pointe  is a modern and elegant haven for the finest tenants in Burbank.",
              "kind": "body",
              "role": "text1",
            },
            {
              "kind": "media",
              "media": {
                "alt": "e15eb8af-95eb-4aac-b03e-ca1990de534e",
                "aspect": 78.111,
                "fit": "contain",
                "kind": "image",
                "url": "asset://e15eb8af-95eb-4aac-b03e-ca1990de534e",
                "width": 1334,
              },
            },
          ],
          "kind": "stack",
        },
      },
    },
    "10": {
      "tree": {
        "children": [
          {
            "kind": "media",
            "media": {
              "alt": "c023afe4-996f-4013-83ab-2634ea55355d",
              "aspect": 56.25,
              "kind": "video",
              "playback": {
                "controls": true,
                "playsinline": true,
              },
              "url": "asset://c023afe4-996f-4013-83ab-2634ea55355d",
            },
          },
          {
            "cells": [
              {
                "node": {
                  "html": "<div id="page-block-10-item-1-item-0" class="blocks0"><div class="blockcontainer blocks0container" style="padding: 0px;"><div class="block-content"></div></div></div>",
                  "kind": "raw",
                },
                "token": {
                  "cols": 2,
                },
              },
              {
                "node": {
                  "children": [
                    {
                      "html": "presented by",
                      "kind": "heading",
                      "level": 4,
                      "role": "text5",
                    },
                    {
                      "cells": [
                        {
                          "node": {
                            "kind": "media",
                            "media": {
                              "alt": "cfc17af2-ff1f-40a4-a5bf-4123cd5f355c",
                              "aspect": 26.009,
                              "fit": "contain",
                              "kind": "image",
                              "url": "asset://cfc17af2-ff1f-40a4-a5bf-4123cd5f355c",
                              "width": 120,
                            },
                          },
                          "token": {
                            "cols": "any",
                            "spacing": 20,
                          },
                        },
                        {
                          "node": {
                            "kind": "media",
                            "media": {
                              "alt": "966adedb-0315-4afd-b070-8c89f8792267",
                              "aspect": 39.576,
                              "fit": "contain",
                              "kind": "image",
                              "url": "asset://966adedb-0315-4afd-b070-8c89f8792267",
                              "width": 160,
                            },
                          },
                          "token": {
                            "cols": "any",
                            "spacing": 20,
                          },
                        },
                      ],
                      "kind": "row",
                    },
                  ],
                  "kind": "stack",
                },
                "token": {
                  "cols": 2,
                },
              },
            ],
            "kind": "row",
          },
        ],
        "kind": "stack",
      },
    },
    "11": {
      "background": {
        "alt": "6dd54dfc-b4d1-4ef2-8165-a1f2421668bf",
        "kind": "image",
        "position": "left top",
        "url": "asset://6dd54dfc-b4d1-4ef2-8165-a1f2421668bf",
      },
      "tree": {
        "children": [
          {
            "html": "local amenities",
            "kind": "heading",
            "level": 4,
            "role": "text5",
          },
          {
            "kind": "media",
            "media": {
              "alt": "ec0c6ec6-45b9-4ac8-84e5-0438c84629b9",
              "aspect": 18.978,
              "fit": "contain",
              "kind": "image",
              "url": "asset://ec0c6ec6-45b9-4ac8-84e5-0438c84629b9",
              "width": 50,
            },
          },
          {
            "html": "a city full of possibilities",
            "kind": "heading",
            "level": 4,
            "role": "text11",
          },
          {
            "html": "Burbank offers a wide range of opportunities from its network of world-renowned studios, accessible airport, and recreational activities.",
            "kind": "body",
            "role": "text1",
          },
          {
            "html": "<a class="ib middle buttons2" href="https://dv4tl7yyk1zlp.cloudfront.net/ea3c0e4e-aa87-4d1b-adaa-cb250234ec3c/1b5b96c1-16fb-4d8b-8cb0-f71938af22c0.pdf">Burbank Incentives</a>",
            "kind": "raw",
          },
        ],
        "kind": "stack",
      },
    },
    "12": {
      "tree": {
        "cells": [
          {
            "node": {
              "cells": [
                {
                  "node": {
                    "html": "Be part of the community among the biggest names in entertainment. <br>",
                    "kind": "body",
                    "role": "text14",
                  },
                  "token": {
                    "cols": 2,
                    "ratio": 30,
                  },
                },
                {
                  "node": {
                    "kind": "media",
                    "media": {
                      "alt": "126045fb-2364-4d99-9d6f-5502674ecdc9",
                      "aspect": 75.232,
                      "fit": "cover",
                      "kind": "image",
                      "url": "asset://126045fb-2364-4d99-9d6f-5502674ecdc9",
                      "width": 1078,
                    },
                  },
                  "token": {
                    "cols": 2,
                    "ratio": 70,
                  },
                },
              ],
              "kind": "row",
            },
            "token": {
              "cols": 1,
            },
          },
          {
            "node": {
              "cells": [
                {
                  "node": {
                    "kind": "media",
                    "media": {
                      "alt": "da8e7a33-0929-4618-9044-4b2ac23041c0",
                      "aspect": 56.269,
                      "fit": "cover",
                      "kind": "image",
                      "url": "asset://da8e7a33-0929-4618-9044-4b2ac23041c0",
                      "width": 5774,
                    },
                  },
                  "token": {
                    "cols": 2,
                    "ratio": 70,
                  },
                },
                {
                  "node": {
                    "html": "Fly, surf, ski, all within an hour away. Plus every business partner is around the corner.<br>",
                    "kind": "body",
                    "role": "text14",
                  },
                  "token": {
                    "cols": 2,
                    "ratio": 30,
                  },
                },
              ],
              "kind": "row",
            },
            "token": {
              "cols": 1,
            },
          },
          {
            "node": {
              "cells": [
                {
                  "node": {
                    "html": "Day or night, Burbank delights with vibrant energy and one-of-a-kind character.",
                    "kind": "body",
                    "role": "text14",
                  },
                  "token": {
                    "cols": 2,
                    "ratio": 30,
                  },
                },
                {
                  "node": {
                    "kind": "media",
                    "media": {
                      "alt": "122c1f54-872a-40af-8437-a6a226ad968a",
                      "aspect": 66.667,
                      "fit": "cover",
                      "kind": "image",
                      "url": "asset://122c1f54-872a-40af-8437-a6a226ad968a",
                      "width": 1080,
                    },
                  },
                  "token": {
                    "cols": 2,
                    "ratio": 70,
                  },
                },
              ],
              "kind": "row",
            },
            "token": {
              "cols": 1,
            },
          },
        ],
        "kind": "row",
      },
    },
    "13": {
      "text": {
        "headingLevel": 2,
        "headingRole": "text5",
        "subtitleRole": "text12",
      },
    },
    "14": {
      "tree": {
        "children": [
          {
            "html": "<div id="custom-element0" data-exec="custom_bdb7da85_5af5_4c58_8aeb_f7841279c1fe"><div id="burbank_map" style="height:600px">map loading...</div>
<div style="margin-top:40px;font-size:0">
    <span class="map_icon"><span class="map_icon_text">The Burbank Portfolio</span><span class="map_icon_plusm"></span></span>
    <span class="map_icon"><span class="map_icon_text">Studio And Offices</span><span class="map_icon_plusm"></span></span>
    <span class="map_icon"><span class="map_icon_text">Retail And Dining</span><span class="map_icon_plusm"></span></span>
    <span class="map_icon"><span class="map_icon_text">Hotel And Services</span><span class="map_icon_plusm"></span></span>
</div>


    </div>",
            "kind": "raw",
          },
          {
            "cells": [
              {
                "node": {
                  "cells": [
                    {
                      "node": {
                        "children": [
                          {
                            "html": "The Pointe",
                            "kind": "heading",
                            "level": 4,
                            "role": "text5",
                          },
                          {
                            "html": "2900 West Alameda Ave<br>Burbank, CA 91505",
                            "kind": "body",
                            "role": "text8",
                          },
                          {
                            "html": "<a class="ib middle links" href="http://www.thepointeburbank.com/" target="_blank">Visit Website</a>",
                            "kind": "raw",
                          },
                        ],
                        "kind": "stack",
                      },
                      "token": {
                        "cols": 4,
                      },
                    },
                    {
                      "node": {
                        "children": [
                          {
                            "html": "The Tower",
                            "kind": "heading",
                            "level": 4,
                            "role": "text5",
                          },
                          {
                            "html": "3900 West Alameda Ave<br>Burbank, CA 91505",
                            "kind": "body",
                            "role": "text8",
                          },
                          {
                            "html": "<a class="ib middle links" href="http://www.thetowerburbank.com/" target="_blank">Visit Website</a>",
                            "kind": "raw",
                          },
                        ],
                        "kind": "stack",
                      },
                      "token": {
                        "cols": 4,
                      },
                    },
                    {
                      "node": {
                        "children": [
                          {
                            "html": "The Pinnacle I",
                            "kind": "heading",
                            "level": 4,
                            "role": "text5",
                          },
                          {
                            "html": "3400 West Olive Ave<br>Burbank, CA 91505",
                            "kind": "body",
                            "role": "text8",
                          },
                          {
                            "html": "<a class="ib middle links" href="https://www.thepinnacleburbank.com/" target="_blank">Visit Website</a>",
                            "kind": "raw",
                          },
                        ],
                        "kind": "stack",
                      },
                      "token": {
                        "cols": 4,
                      },
                    },
                    {
                      "node": {
                        "children": [
                          {
                            "html": "The Pinnacle II",
                            "kind": "heading",
                            "level": 4,
                            "role": "text5",
                          },
                          {
                            "html": "3300 West Olive Ave<br>Burbank, CA 91505",
                            "kind": "body",
                            "role": "text8",
                          },
                          {
                            "html": "<a class="ib middle links" href="https://www.thepinnacleburbank.com/" target="_blank">Visit Website</a>",
                            "kind": "raw",
                          },
                        ],
                        "kind": "stack",
                      },
                      "token": {
                        "cols": 4,
                      },
                    },
                    {
                      "node": {
                        "children": [
                          {
                            "html": "3800 Alameda",
                            "kind": "heading",
                            "level": 4,
                            "role": "text5",
                          },
                          {
                            "html": "3800 Alameda Ave<br>Burbank, CA 91505",
                            "kind": "body",
                            "role": "text8",
                          },
                          {
                            "html": "<a class="ib middle links" href="https://www.theburbankportfolio.com/3800-alameda" target="_blank">Visit Website</a>",
                            "kind": "raw",
                          },
                        ],
                        "kind": "stack",
                      },
                      "token": {
                        "cols": 4,
                      },
                    },
                    {
                      "node": {
                        "children": [
                          {
                            "html": "Media Studios",
                            "kind": "heading",
                            "level": 4,
                            "role": "text5",
                          },
                          {
                            "html": "3100 Thornton Ave<br>2255 &amp; 2233 Ontario Ave<br>3333 &amp; 3355 Empire Ave<br>Burbank, CA 91504",
                            "kind": "body",
                            "role": "text8",
                          },
                          {
                            "html": "<a class="ib middle links" href="https://www.mediastudiosburbank.com/" target="_blank">Visit Website</a>",
                            "kind": "raw",
                          },
                        ],
                        "kind": "stack",
                      },
                      "token": {
                        "cols": 4,
                      },
                    },
                    {
                      "node": {
                        "children": [
                          {
                            "html": "Central Park",
                            "kind": "heading",
                            "level": 4,
                            "role": "text5",
                          },
                          {
                            "html": "3500 West Olive Ave<br>Burbank, CA 91505",
                            "kind": "body",
                            "role": "text8",
                          },
                          {
                            "html": "<a class="ib middle links" href="https://www.theburbankportfolio.com/central-park" target="_blank">Visit Website</a>",
                            "kind": "raw",
                          },
                        ],
                        "kind": "stack",
                      },
                      "token": {
                        "cols": 4,
                      },
                    },
                  ],
                  "kind": "row",
                },
                "token": {
                  "cols": 1,
                },
              },
              {
                "node": {
                  "cells": [
                    {
                      "node": {
                        "kind": "media",
                        "media": {
                          "alt": "052e9b6f-6abe-4478-8a20-380f73d119ff",
                          "aspect": 23.692,
                          "fit": "contain",
                          "kind": "image",
                          "url": "asset://052e9b6f-6abe-4478-8a20-380f73d119ff",
                          "width": 1701,
                        },
                      },
                      "token": {
                        "cols": 2,
                      },
                    },
                    {
                      "node": {
                        "kind": "media",
                        "media": {
                          "alt": "f0e78916-7572-4cb2-a931-47b994991ef8",
                          "aspect": 23.692,
                          "fit": "contain",
                          "kind": "image",
                          "url": "asset://f0e78916-7572-4cb2-a931-47b994991ef8",
                          "width": 1701,
                        },
                      },
                      "token": {
                        "cols": 2,
                      },
                    },
                    {
                      "node": {
                        "kind": "media",
                        "media": {
                          "alt": "b4dd73b4-a59a-426b-8908-a4407632d190",
                          "aspect": 23.737,
                          "fit": "contain",
                          "kind": "image",
                          "url": "asset://b4dd73b4-a59a-426b-8908-a4407632d190",
                          "width": 851,
                        },
                      },
                      "token": {
                        "cols": 2,
                      },
                    },
                    {
                      "node": {
                        "kind": "media",
                        "media": {
                          "alt": "050cf5e5-2d8b-4712-950e-ad6c353c3e5e",
                          "aspect": 23.692,
                          "fit": "contain",
                          "kind": "image",
                          "url": "asset://050cf5e5-2d8b-4712-950e-ad6c353c3e5e",
                          "width": 1701,
                        },
                      },
                      "token": {
                        "cols": 2,
                      },
                    },
                    {
                      "node": {
                        "kind": "media",
                        "media": {
                          "alt": "4ea50f1e-25e9-4d60-a67c-2f1aa9410c55",
                          "aspect": 23.709,
                          "fit": "contain",
                          "kind": "image",
                          "url": "asset://4ea50f1e-25e9-4d60-a67c-2f1aa9410c55",
                          "width": 852,
                        },
                      },
                      "token": {
                        "cols": 2,
                      },
                    },
                    {
                      "node": {
                        "kind": "media",
                        "media": {
                          "alt": "0cfa7062-d911-483c-94be-20e8e4e0f4bb",
                          "aspect": 23.678,
                          "fit": "contain",
                          "kind": "image",
                          "url": "asset://0cfa7062-d911-483c-94be-20e8e4e0f4bb",
                          "width": 1702,
                        },
                      },
                      "token": {
                        "cols": 2,
                      },
                    },
                    {
                      "node": {
                        "kind": "media",
                        "media": {
                          "alt": "63b7996d-fe0a-4f00-abcc-c3fb521638f5",
                          "aspect": 23.678,
                          "fit": "contain",
                          "kind": "image",
                          "url": "asset://63b7996d-fe0a-4f00-abcc-c3fb521638f5",
                          "width": 1702,
                        },
                      },
                      "token": {
                        "cols": 2,
                      },
                    },
                  ],
                  "kind": "row",
                },
                "token": {
                  "cols": 1,
                },
              },
              {
                "node": {
                  "cells": [
                    {
                      "node": {
                        "kind": "media",
                        "media": {
                          "alt": "3b966d54-aa06-4d81-ac7a-00a18a31da6f",
                          "aspect": 23.737,
                          "fit": "contain",
                          "kind": "image",
                          "url": "asset://3b966d54-aa06-4d81-ac7a-00a18a31da6f",
                          "width": 851,
                        },
                      },
                      "token": {
                        "cols": 2,
                      },
                    },
                    {
                      "node": {
                        "kind": "media",
                        "media": {
                          "alt": "6e1b82f7-5bf9-48b1-b956-8d614a319176",
                          "aspect": 23.678,
                          "fit": "contain",
                          "kind": "image",
                          "url": "asset://6e1b82f7-5bf9-48b1-b956-8d614a319176",
                          "width": 1702,
                        },
                      },
                      "token": {
                        "cols": 2,
                      },
                    },
                    {
                      "node": {
                        "kind": "media",
                        "media": {
                          "alt": "1d601436-8017-4dd1-a548-29b66dd10eab",
                          "aspect": 23.737,
                          "fit": "contain",
                          "kind": "image",
                          "url": "asset://1d601436-8017-4dd1-a548-29b66dd10eab",
                          "width": 851,
                        },
                      },
                      "token": {
                        "cols": 2,
                      },
                    },
                    {
                      "node": {
                        "kind": "media",
                        "media": {
                          "alt": "fa1b07a4-1c8b-497c-9241-5c013a6e278c",
                          "aspect": 23.709,
                          "fit": "contain",
                          "kind": "image",
                          "url": "asset://fa1b07a4-1c8b-497c-9241-5c013a6e278c",
                          "width": 852,
                        },
                      },
                      "token": {
                        "cols": 2,
                      },
                    },
                    {
                      "node": {
                        "kind": "media",
                        "media": {
                          "alt": "2116f17d-7cf0-4880-997d-bd3b5d9a08f1",
                          "aspect": 23.737,
                          "fit": "contain",
                          "kind": "image",
                          "url": "asset://2116f17d-7cf0-4880-997d-bd3b5d9a08f1",
                          "width": 851,
                        },
                      },
                      "token": {
                        "cols": 2,
                      },
                    },
                    {
                      "node": {
                        "kind": "media",
                        "media": {
                          "alt": "fd4d69f3-bb9e-4754-bebc-c2897a1bc1c8",
                          "aspect": 23.709,
                          "fit": "contain",
                          "kind": "image",
                          "url": "asset://fd4d69f3-bb9e-4754-bebc-c2897a1bc1c8",
                          "width": 852,
                        },
                      },
                      "token": {
                        "cols": 2,
                      },
                    },
                    {
                      "node": {
                        "kind": "media",
                        "media": {
                          "alt": "ae55dfb4-2234-4188-899f-3fe9ee92682b",
                          "aspect": 23.692,
                          "fit": "contain",
                          "kind": "image",
                          "url": "asset://ae55dfb4-2234-4188-899f-3fe9ee92682b",
                          "width": 1701,
                        },
                      },
                      "token": {
                        "cols": 2,
                      },
                    },
                    {
                      "node": {
                        "kind": "media",
                        "media": {
                          "alt": "ccdd3fcb-7361-4683-a5ff-5558b65746c0",
                          "aspect": 23.678,
                          "fit": "contain",
                          "kind": "image",
                          "url": "asset://ccdd3fcb-7361-4683-a5ff-5558b65746c0",
                          "width": 1702,
                        },
                      },
                      "token": {
                        "cols": 2,
                      },
                    },
                  ],
                  "kind": "row",
                },
                "token": {
                  "cols": 1,
                },
              },
              {
                "node": {
                  "cells": [
                    {
                      "node": {
                        "kind": "media",
                        "media": {
                          "alt": "80180ff4-c26c-4c3f-8cc5-3ae8df7d64cb",
                          "aspect": 23.737,
                          "fit": "contain",
                          "kind": "image",
                          "url": "asset://80180ff4-c26c-4c3f-8cc5-3ae8df7d64cb",
                          "width": 851,
                        },
                      },
                      "token": {
                        "cols": 2,
                      },
                    },
                    {
                      "node": {
                        "kind": "media",
                        "media": {
                          "alt": "ea5a8ac9-4bd3-4934-a38c-cf0a9cce6517",
                          "aspect": 23.678,
                          "fit": "contain",
                          "kind": "image",
                          "url": "asset://ea5a8ac9-4bd3-4934-a38c-cf0a9cce6517",
                          "width": 1702,
                        },
                      },
                      "token": {
                        "cols": 2,
                      },
                    },
                    {
                      "node": {
                        "kind": "media",
                        "media": {
                          "alt": "998c3e5a-f177-4d0e-9e0e-d95f1b803976",
                          "aspect": 23.737,
                          "fit": "contain",
                          "kind": "image",
                          "url": "asset://998c3e5a-f177-4d0e-9e0e-d95f1b803976",
                          "width": 851,
                        },
                      },
                      "token": {
                        "cols": 2,
                      },
                    },
                    {
                      "node": {
                        "kind": "media",
                        "media": {
                          "alt": "865149e9-5e82-440f-93e0-6c5279d23e26",
                          "aspect": 23.678,
                          "fit": "contain",
                          "kind": "image",
                          "url": "asset://865149e9-5e82-440f-93e0-6c5279d23e26",
                          "width": 1702,
                        },
                      },
                      "token": {
                        "cols": 2,
                      },
                    },
                    {
                      "node": {
                        "kind": "media",
                        "media": {
                          "alt": "c9dffc4f-f371-4007-ba80-71233c827d79",
                          "aspect": 23.737,
                          "fit": "contain",
                          "kind": "image",
                          "url": "asset://c9dffc4f-f371-4007-ba80-71233c827d79",
                          "width": 851,
                        },
                      },
                      "token": {
                        "cols": 2,
                      },
                    },
                  ],
                  "kind": "row",
                },
                "token": {
                  "cols": 1,
                },
              },
            ],
            "kind": "row",
          },
        ],
        "kind": "stack",
      },
    },
    "15": {
      "text": {
        "headingLevel": 2,
        "headingRole": "text11",
      },
    },
    "2": {
      "text": {
        "headingLevel": 2,
        "headingRole": "text5",
        "subtitleRole": "text12",
      },
    },
    "3": {
      "tree": {
        "cells": [
          {
            "node": {
              "children": [
                {
                  "kind": "media",
                  "media": {
                    "alt": "511a1d2e-2ad5-4d93-857e-463f15bc5b82",
                    "aspect": 118.95,
                    "fit": "contain",
                    "kind": "image",
                    "url": "asset://511a1d2e-2ad5-4d93-857e-463f15bc5b82",
                    "width": 971,
                  },
                },
                {
                  "kind": "media",
                  "media": {
                    "alt": "43983b42-cd6d-42ba-b76d-9bce1931e581",
                    "aspect": 32.462,
                    "fit": "contain",
                    "kind": "image",
                    "url": "asset://43983b42-cd6d-42ba-b76d-9bce1931e581",
                    "width": 1645,
                  },
                },
              ],
              "kind": "stack",
            },
            "token": {
              "cols": 2,
            },
          },
          {
            "node": {
              "cells": [
                {
                  "node": {
                    "cells": [
                      {
                        "node": {
                          "kind": "media",
                          "media": {
                            "alt": "449cb545-61ab-4faa-a1a2-5b802ae27982",
                            "aspect": 67.917,
                            "fit": "contain",
                            "kind": "image",
                            "url": "asset://449cb545-61ab-4faa-a1a2-5b802ae27982",
                            "width": 200,
                          },
                        },
                        "token": {
                          "cols": 2,
                          "ratio": 20,
                        },
                      },
                      {
                        "node": {
                          "html": "480,000 SF of<br>Class A office space<br>",
                          "kind": "heading",
                          "level": 5,
                          "role": "text5",
                        },
                        "token": {
                          "cols": 2,
                          "ratio": 80,
                        },
                      },
                    ],
                    "kind": "row",
                  },
                  "token": {
                    "cols": 1,
                    "spacing": 40,
                  },
                },
                {
                  "node": {
                    "cells": [
                      {
                        "node": {
                          "kind": "media",
                          "media": {
                            "alt": "56ceaf76-a802-47e2-9bfa-d48fff84642d",
                            "aspect": 67.917,
                            "fit": "contain",
                            "kind": "image",
                            "url": "asset://56ceaf76-a802-47e2-9bfa-d48fff84642d",
                            "width": 200,
                          },
                        },
                        "token": {
                          "cols": 2,
                          "ratio": 20,
                        },
                      },
                      {
                        "node": {
                          "html": "Premier 14-Story<br>Office Tower",
                          "kind": "heading",
                          "level": 5,
                          "role": "text5",
                        },
                        "token": {
                          "cols": 2,
                          "ratio": 80,
                        },
                      },
                    ],
                    "kind": "row",
                  },
                  "token": {
                    "cols": 1,
                    "spacing": 40,
                  },
                },
                {
                  "node": {
                    "cells": [
                      {
                        "node": {
                          "kind": "media",
                          "media": {
                            "alt": "39999486-c94a-47f9-9054-699d21955ec5",
                            "aspect": 68.182,
                            "fit": "contain",
                            "kind": "image",
                            "url": "asset://39999486-c94a-47f9-9054-699d21955ec5",
                            "width": 210,
                          },
                        },
                        "token": {
                          "cols": 2,
                          "ratio": 20,
                        },
                      },
                      {
                        "node": {
                          "html": "9.35 Acres in the<br>Media District",
                          "kind": "heading",
                          "level": 5,
                          "role": "text5",
                        },
                        "token": {
                          "cols": 2,
                          "ratio": 80,
                        },
                      },
                    ],
                    "kind": "row",
                  },
                  "token": {
                    "cols": 1,
                    "spacing": 40,
                  },
                },
                {
                  "node": {
                    "cells": [
                      {
                        "node": {
                          "kind": "media",
                          "media": {
                            "alt": "1083733e-b211-4e23-8a62-2c6db839a02c",
                            "aspect": 100,
                            "fit": "contain",
                            "kind": "image",
                            "url": "asset://1083733e-b211-4e23-8a62-2c6db839a02c",
                            "width": 123,
                          },
                        },
                        "token": {
                          "cols": 2,
                          "ratio": 20,
                        },
                      },
                      {
                        "node": {
                          "html": "LEED Gold Certified<br>Energy Star Certified",
                          "kind": "heading",
                          "level": 5,
                          "role": "text5",
                        },
                        "token": {
                          "cols": 2,
                          "ratio": 80,
                        },
                      },
                    ],
                    "kind": "row",
                  },
                  "token": {
                    "cols": 1,
                    "spacing": 40,
                  },
                },
              ],
              "kind": "row",
            },
            "token": {
              "cols": 2,
            },
          },
        ],
        "kind": "row",
      },
    },
    "4": {
      "background": {
        "alt": "8fc9d04c-543a-4ca9-8cf6-18cda24eb711",
        "kind": "image",
        "url": "asset://8fc9d04c-543a-4ca9-8cf6-18cda24eb711",
      },
      "tree": {
        "html": "<div class="block-holder" style="position: relative; z-index: 2;"><div class="blockcontainer blocks0container valignmiddle" style="min-height: 800px; height: 1px;"><div class="block-content valignmiddleitem" style="width: 100%;"></div></div></div>",
        "kind": "raw",
      },
    },
    "5": {
      "tree": {
        "cells": [
          {
            "node": {
              "children": [
                {
                  "html": "on-site luxuries",
                  "kind": "heading",
                  "level": 4,
                  "role": "text5",
                },
                {
                  "kind": "media",
                  "media": {
                    "alt": "ec0c6ec6-45b9-4ac8-84e5-0438c84629b9",
                    "aspect": 18.978,
                    "fit": "contain",
                    "kind": "image",
                    "url": "asset://ec0c6ec6-45b9-4ac8-84e5-0438c84629b9",
                    "width": 50,
                  },
                },
                {
                  "html": "premium <br>amenities",
                  "kind": "heading",
                  "level": 4,
                  "role": "text11",
                },
                {
                  "html": "A campus built for the modern worker, The Pointe offers amenities that enrich the every day.",
                  "kind": "body",
                  "role": "text1",
                },
              ],
              "kind": "stack",
            },
            "token": {
              "cols": 2,
              "ratio": 60,
            },
          },
        ],
        "kind": "row",
      },
    },
    "6": {
      "tree": {
        "cells": [
          {
            "node": {
              "cells": [
                {
                  "node": {
                    "kind": "media",
                    "media": {
                      "alt": "7c52c8df-a506-4a7a-9a1d-91aa11e5d7c6",
                      "aspect": 88.006,
                      "fit": "cover",
                      "kind": "image",
                      "url": "asset://7c52c8df-a506-4a7a-9a1d-91aa11e5d7c6",
                      "width": 1334,
                    },
                  },
                  "token": {
                    "cols": 2,
                    "ratio": 70,
                  },
                },
                {
                  "node": {
                    "html": "Renew and recover with exclusive access to a state-of-the-art <a href="https://www.tbpfit.com/" class="links">FIT Health Club</a> with full-service locker rooms in a spa-like atmosphere. <br>",
                    "kind": "body",
                    "role": "text14",
                  },
                  "token": {
                    "cols": 2,
                    "ratio": 30,
                  },
                },
              ],
              "kind": "row",
            },
            "token": {
              "cols": 1,
            },
          },
          {
            "node": {
              "cells": [
                {
                  "node": {
                    "html": "Enjoy exclusive access to on-site production and filming studios.",
                    "kind": "body",
                    "role": "text14",
                  },
                  "token": {
                    "cols": 2,
                    "ratio": 30,
                  },
                },
                {
                  "node": {
                    "kind": "media",
                    "media": {
                      "alt": "2c05f47c-cfee-4383-8955-5dea66b4df15",
                      "aspect": 64.69,
                      "fit": "cover",
                      "kind": "image",
                      "url": "asset://2c05f47c-cfee-4383-8955-5dea66b4df15",
                      "width": 2563,
                    },
                  },
                  "token": {
                    "cols": 2,
                    "ratio": 70,
                  },
                },
              ],
              "kind": "row",
            },
            "token": {
              "cols": 1,
            },
          },
          {
            "node": {
              "cells": [
                {
                  "node": {
                    "kind": "media",
                    "media": {
                      "alt": "6fefaae2-82b2-4861-9efe-b491cc3d2af1",
                      "aspect": 66.658,
                      "fit": "contain",
                      "kind": "image",
                      "url": "asset://6fefaae2-82b2-4861-9efe-b491cc3d2af1",
                      "width": 3800,
                    },
                  },
                  "token": {
                    "cols": 2,
                    "ratio": 70,
                  },
                },
                {
                  "node": {
                    "html": "Head to the MRKT for a quick bite on-the-go, or dine in for a filling meal.",
                    "kind": "body",
                    "role": "text14",
                  },
                  "token": {
                    "cols": 2,
                    "ratio": 30,
                  },
                },
              ],
              "kind": "row",
            },
            "token": {
              "cols": 1,
            },
          },
        ],
        "kind": "row",
      },
    },
    "7": {
      "background": {
        "alt": "3852eddf-55e3-4f7d-b106-f58a5af214f6",
        "fit": "auto",
        "kind": "image",
        "position": "right top",
        "url": "asset://3852eddf-55e3-4f7d-b106-f58a5af214f6",
      },
      "text": {
        "headingLevel": 2,
        "headingRole": "text5",
        "subtitleRole": "text12",
      },
    },
    "8": {
      "carousel": {
        "columns": 1,
        "slides": [
          {
            "caption": {
              "level": 5,
              "role": "text5",
            },
            "media": {
              "alt": "aefbd53c-205a-402a-ba88-6294a555b0aa",
              "fit": "cover",
              "kind": "image",
              "minHeight": "80vh",
              "url": "asset://aefbd53c-205a-402a-ba88-6294a555b0aa",
            },
          },
          {
            "caption": {
              "level": 5,
              "role": "text5",
            },
            "media": {
              "alt": "cb6f38b7-4ca7-4590-aeb9-11287fc942e4",
              "fit": "cover",
              "kind": "image",
              "minHeight": "80vh",
              "url": "asset://cb6f38b7-4ca7-4590-aeb9-11287fc942e4",
            },
          },
          {
            "caption": {
              "level": 5,
              "role": "text5",
            },
            "media": {
              "alt": "88737f87-d643-4435-9eb7-839516e95b38",
              "fit": "cover",
              "kind": "image",
              "minHeight": "80vh",
              "url": "asset://88737f87-d643-4435-9eb7-839516e95b38",
            },
          },
        ],
      },
    },
    "9": {
      "background": {
        "alt": "673cb1d4-af95-4e81-a5dd-5018d4af5e86",
        "fit": "auto",
        "kind": "image",
        "position": "left bottom",
        "url": "asset://673cb1d4-af95-4e81-a5dd-5018d4af5e86",
      },
      "tree": {
        "children": [
          {
            "html": "a property within",
            "kind": "heading",
            "level": 4,
            "role": "text5",
          },
          {
            "kind": "media",
            "media": {
              "alt": "bf56be7d-863c-4f44-8247-6d92ea7762a9",
              "aspect": 17.5,
              "fit": "contain",
              "kind": "image",
              "url": "asset://bf56be7d-863c-4f44-8247-6d92ea7762a9",
              "width": 40,
            },
          },
          {
            "kind": "media",
            "media": {
              "alt": "b640649d-05cf-40c1-9edc-f3fc9d427c76",
              "aspect": 6.124,
              "fit": "contain",
              "kind": "image",
              "url": "asset://b640649d-05cf-40c1-9edc-f3fc9d427c76",
              "width": 996,
            },
          },
          {
            "html": "A collection of 13 buildings offering premier office space among the biggest names in entertainment. Explore 3,100,000 SF of endless possibilities.",
            "kind": "body",
            "role": "text1",
          },
        ],
        "kind": "stack",
      },
    },
  },
}
`;

exports[`grid convert golden — the-pointe > classifies 16 bands into a stable slice-type sequence 1`] = `
[
  "0 Grid",
  "1 SplitFeature",
  "2 TitleBand",
  "3 Grid",
  "4 Grid",
  "5 Grid",
  "6 Grid",
  "7 Hero",
  "8 Carousel",
  "9 Grid",
  "10 Grid",
  "11 Grid",
  "12 Grid",
  "13 TitleBand",
  "14 Grid",
  "15 TitleBand",
]
`;
