// Vitest Snapshot v1, https://vitest.dev/guide/snapshot.html

exports[`grid validate golden — the-pointe > converts the 16 bands with zero layout findings 1`] = `
[
  {
    "band": 0,
    "converted": "stack[media:image,subtitle]",
    "ok": true,
    "slice": "Grid",
    "source": "stack[media:image,subtitle]",
  },
  {
    "band": 1,
    "converted": "split(right,40)",
    "ok": true,
    "slice": "SplitFeature",
    "source": "split(right,40)",
  },
  {
    "band": 2,
    "converted": "title_band",
    "ok": true,
    "slice": "TitleBand",
    "source": "title_band",
  },
  {
    "band": 3,
    "converted": "row[2:stack[media:image,stack[media:image]],2:row[1s40:row[2r20:media:image,2r80:h5],1s40:row[2r20:media:image,2r80:h5],1s40:row[2r20:media:image,2r80:h5],1s40:row[2r20:media:image,2r80:h5]]]",
    "ok": true,
    "slice": "Grid",
    "source": "row[2:stack[media:image,stack[media:image]],2:row[1s40:row[2r20:media:image,2r80:h5],1s40:row[2r20:media:image,2r80:h5],1s40:row[2r20:media:image,2r80:h5],1s40:row[2r20:media:image,2r80:h5]]]",
  },
  {
    "band": 4,
    "converted": "raw",
    "ok": true,
    "slice": "Grid",
    "source": "raw",
  },
  {
    "band": 5,
    "converted": "row[2r60:stack[stack[h4,media:image],stack[h4],stack[body]]]",
    "ok": true,
    "slice": "Grid",
    "source": "row[2r60:stack[stack[h4,media:image],stack[h4],stack[body]]]",
  },
  {
    "band": 6,
    "converted": "row[1:row[2r70:media:image,2r30:stack[body]],1:row[2r30:stack[body],2r70:media:image],1:row[2r70:media:image,2r30:stack[body]]]",
    "ok": true,
    "slice": "Grid",
    "source": "row[1:row[2r70:media:image,2r30:stack[body]],1:row[2r30:stack[body],2r70:media:image],1:row[2r70:media:image,2r30:stack[body]]]",
  },
  {
    "band": 7,
    "converted": "hero",
    "ok": true,
    "slice": "Hero",
    "source": "hero",
  },
  {
    "band": 8,
    "converted": "carousel(3)",
    "ok": true,
    "slice": "Carousel",
    "source": "carousel(3)",
  },
  {
    "band": 9,
    "converted": "row[2r60:stack[stack[h4,media:image],stack[media:image],stack[body]]]",
    "ok": true,
    "slice": "Grid",
    "source": "row[2r60:stack[stack[h4,media:image],stack[media:image],stack[body]]]",
  },
  {
    "band": 10,
    "converted": "stack[stack[media:video],row[2:raw,2:stack[h4,row[anys20:stack[media:image],anys20:stack[media:image]]]]]",
    "ok": true,
    "slice": "Grid",
    "source": "stack[stack[media:video],row[2:raw,2:stack[h4,row[anys20:stack[media:image],anys20:stack[media:image]]]]]",
  },
  {
    "band": 11,
    "converted": "row[2r60:stack[stack[h4,media:image],stack[h4],stack[body,stack[raw]]]]",
    "ok": true,
    "slice": "Grid",
    "source": "row[2r60:stack[stack[h4,media:image],stack[h4],stack[body,stack[raw]]]]",
  },
  {
    "band": 12,
    "converted": "row[1:row[2r30:stack[body],2r70:media:image],1:row[2r70:media:image,2r30:stack[body]],1:row[2r30:stack[body],2r70:media:image]]",
    "ok": true,
    "slice": "Grid",
    "source": "row[1:row[2r30:stack[body],2r70:media:image],1:row[2r70:media:image,2r30:stack[body]],1:row[2r30:stack[body],2r70:media:image]]",
  },
  {
    "band": 13,
    "converted": "title_band",
    "ok": true,
    "slice": "TitleBand",
    "source": "title_band",
  },
  {
    "band": 14,
    "converted": "stack[raw,row[1:row[4:stack[h4,body,raw],4:stack[h4,body,raw],4:stack[h4,body,raw],4:stack[h4,body,raw],4:stack[h4,body,raw],4:stack[h4,body,raw],4:stack[h4,body,raw]],1:row[2:media:image,2:media:image,2:media:image,2:media:image,2:media:image,2:media:image,2:media:image],1:row[2:media:image,2:media:image,2:media:image,2:media:image,2:media:image,2:media:image,2:media:image,2:media:image],1:row[2:media:image,2:media:image,2:media:image,2:media:image,2:media:image]]]",
    "ok": true,
    "slice": "Grid",
    "source": "stack[raw,row[1:row[4:stack[h4,body,raw],4:stack[h4,body,raw],4:stack[h4,body,raw],4:stack[h4,body,raw],4:stack[h4,body,raw],4:stack[h4,body,raw],4:stack[h4,body,raw]],1:row[2:media:image,2:media:image,2:media:image,2:media:image,2:media:image,2:media:image,2:media:image],1:row[2:media:image,2:media:image,2:media:image,2:media:image,2:media:image,2:media:image,2:media:image,2:media:image],1:row[2:media:image,2:media:image,2:media:image,2:media:image,2:media:image]]]",
  },
  {
    "band": 15,
    "converted": "title_band",
    "ok": true,
    "slice": "TitleBand",
    "source": "title_band",
  },
]
`;
