// Vitest Snapshot v1, https://vitest.dev/guide/snapshot.html

exports[`grid parser — the-pointe golden > has a stable structural signature 1`] = `
[
  "band0(bg): stack[media:image,subtitle]",
  "band1(bg): row[grid-2-r60:stack[stack[h1,media:image],stack[h4],body,stack[media:image]],grid-2-r40:stack[media:image]]",
  "band2: stack[h2,subtitle]",
  "band3: row[grid-2:stack[media:image,stack[media:image]],grid-2:row[grid-1-s40:row[grid-2-r20:media:image,grid-2-r80:h5],grid-1-s40:row[grid-2-r20:media:image,grid-2-r80:h5],grid-1-s40:row[grid-2-r20:media:image,grid-2-r80:h5],grid-1-s40:row[grid-2-r20:media:image,grid-2-r80:h5]]]",
  "band4(bg): raw",
  "band5: row[grid-2-r60:stack[stack[h4,media:image],stack[h4],stack[body]]]",
  "band6: row[grid-1:row[grid-2-r70:media:image,grid-2-r30:stack[body]],grid-1:row[grid-2-r30:stack[body],grid-2-r70:media:image],grid-1:row[grid-2-r70:media:image,grid-2-r30:stack[body]]]",
  "band7(bg): stack[h2,subtitle]",
  "band8: row[grid-1:stack[media:image,h5],grid-1:stack[media:image,h5],grid-1:stack[media:image,h5]]",
  "band9(bg): row[grid-2-r60:stack[stack[h4,media:image],stack[media:image],stack[body]]]",
  "band10: stack[stack[media:video],row[grid-2:raw,grid-2:stack[h4,row[grid-any-s20:stack[media:image],grid-any-s20:stack[media:image]]]]]",
  "band11(bg): row[grid-2-r60:stack[stack[h4,media:image],stack[h4],stack[body,stack[raw]]]]",
  "band12: row[grid-1:row[grid-2-r30:stack[body],grid-2-r70:media:image],grid-1:row[grid-2-r70:media:image,grid-2-r30:stack[body]],grid-1:row[grid-2-r30:stack[body],grid-2-r70:media:image]]",
  "band13: stack[h2,subtitle]",
  "band14: stack[raw,row[grid-1:row[grid-4:stack[h4,body,raw],grid-4:stack[h4,body,raw],grid-4:stack[h4,body,raw],grid-4:stack[h4,body,raw],grid-4:stack[h4,body,raw],grid-4:stack[h4,body,raw],grid-4:stack[h4,body,raw]],grid-1:row[grid-2:media:image,grid-2:media:image,grid-2:media:image,grid-2:media:image,grid-2:media:image,grid-2:media:image,grid-2:media:image],grid-1:row[grid-2:media:image,grid-2:media:image,grid-2:media:image,grid-2:media:image,grid-2:media:image,grid-2:media:image,grid-2:media:image,grid-2:media:image],grid-1:row[grid-2:media:image,grid-2:media:image,grid-2:media:image,grid-2:media:image,grid-2:media:image]]]",
  "band15: h2",
]
`;
